🎮 Tiny Fangs server listening on ws://localhost:3001
📊 Server started at 2/10/2026, 1:21:58 AM
🔌 Client connected
🔌 Client connected
📩 Received: create
🏠 Room created: ANRA
📩 Received: join
👥 Player joined room ANRA
✅ Room ANRA now has 2 players
📩 Received: deckSelect
🎴 Player 2 selected deck: venom
📩 Received: deckSelect
🎴 Player 1 selected deck: fang
🎮 Game started! Player 2 goes first
📩 Received: endTurn
⏭️  P1 ends turn
📩 Received: action
⚔️  P2 action: { action: 'summon', cardUid: 'ofds1d1ah', target: 'active' }
[DEBUG] checkTriggers called: onSummon defender verse: undefined attacker verse: undefined
📩 Received: action
⚔️  P2 action: { action: 'attack' }
[DEBUG] checkTriggers called: beforeAttack defender verse: undefined attacker verse: undefined
[DEBUG] checkTriggers called: onLifeLoss defender verse: undefined attacker verse: undefined
📩 Received: endTurn
⏭️  P2 ends turn
📩 Received: action
⚔️  P1 action: { action: 'cast', cardUid: 'hhtcpvoes', targetUid: 'ofds1d1ah' }
[DEBUG] checkTriggers called: onCast defender verse: undefined attacker verse: undefined
📩 Received: endTurn
⏭️  P1 ends turn
📩 Received: action
⚔️  P2 action: { action: 'attack' }
[DEBUG] checkTriggers called: beforeAttack defender verse: undefined attacker verse: undefined
[DEBUG] checkTriggers called: onLifeLoss defender verse: undefined attacker verse: undefined
📩 Received: endTurn
⏭️  P2 ends turn
📩 Received: action
⚔️  P1 action: { action: 'summon', cardUid: 'cle1h7iub', target: 'active' }
[DEBUG] checkTriggers called: onSummon defender verse: undefined attacker verse: undefined
📩 Received: action
⚔️  P1 action: { action: 'set', cardUid: 'vk5nvyzlv' }
📩 Received: action
⚔️  P1 action: { action: 'attack' }
[DEBUG] checkTriggers called: beforeAttack defender verse: undefined attacker verse: lastBreath
[DEBUG] checkTriggers called: beforeDamage defender verse: undefined attacker verse: lastBreath
[DEBUG] checkTriggers called: onLethalDamage defender verse: undefined attacker verse: lastBreath
[DEBUG] checkTriggers called: onKO defender verse: undefined attacker verse: lastBreath
[DEBUG] checkTriggers called: onAllyKO defender verse: lastBreath attacker verse: undefined
📩 Received: endTurn
⏭️  P1 ends turn
📩 Received: action
⚔️  P2 action: { action: 'set', cardUid: 'iglraq4bw' }
📩 Received: action
⚔️  P2 action: { action: 'cast', cardUid: '5udxlz8rr', targetUid: 'cle1h7iub' }
[DEBUG] checkTriggers called: onCast defender verse: lastBreath attacker verse: vengeance
📩 Received: endTurn
⏭️  P2 ends turn
📩 Received: action
⚔️  P1 action: { action: 'attack' }
[DEBUG] checkTriggers called: beforeAttack defender verse: vengeance attacker verse: lastBreath
[DEBUG] checkTriggers called: onLifeLoss defender verse: vengeance attacker verse: lastBreath
📩 Received: endTurn
⏭️  P1 ends turn
📩 Received: action
⚔️  P2 action: { action: 'cast', cardUid: 'vllhg6r7y' }
[DEBUG] checkTriggers called: onCast defender verse: undefined attacker verse: vengeance
📩 Received: action
⚔️  P2 action: { action: 'summon', cardUid: '8hszaxemt', target: 'active' }
[DEBUG] checkTriggers called: onSummon defender verse: undefined attacker verse: vengeance
📩 Received: action
⚔️  P2 action: { action: 'attack' }
[DEBUG] checkTriggers called: beforeAttack defender verse: undefined attacker verse: vengeance
[DEBUG] checkTriggers called: onLifeLoss defender verse: undefined attacker verse: vengeance
🏆 Game over! Winner: P2
🔌 Client disconnected
👋 Player left room ANRA
🔌 Client disconnected
👋 Player left room ANRA
🗑️  Room ANRA deleted
🔌 Client connected
🔌 Client connected
📩 Received: create
🏠 Room created: J54P
📩 Received: join
👥 Player joined room J54P
✅ Room J54P now has 2 players
📩 Received: deckSelect
🎴 Player 2 selected deck: fang
📩 Received: deckSelect
🎴 Player 1 selected deck: fang
🎮 Game started! Player 2 goes first
📩 Received: endTurn
⏭️  P1 ends turn
📩 Received: action
⚔️  P2 action: { action: 'set', cardUid: 'xpz890bcz' }
📩 Received: endTurn
⏭️  P2 ends turn
📩 Received: action
⚔️  P1 action: { action: 'summon', cardUid: 'j6uxk33hp', target: 'active' }
[DEBUG] checkTriggers called: onSummon defender verse: phantomWall attacker verse: undefined
📩 Received: action
⚔️  P1 action: { action: 'attack' }
[DEBUG] checkTriggers called: beforeAttack defender verse: phantomWall attacker verse: undefined
[DEBUG] checkTriggers called: onLifeLoss defender verse: phantomWall attacker verse: undefined
[DEBUG] checkTriggers called: onLifeLoss defender verse: phantomWall attacker verse: undefined
📩 Received: endTurn
⏭️  P1 ends turn
📩 Received: action
⚔️  P2 action: { action: 'cast', cardUid: 's063qjo0h' }
[DEBUG] checkTriggers called: onCast defender verse: undefined attacker verse: phantomWall
📩 Received: endTurn
⏭️  P2 ends turn
📩 Received: action
⚔️  P1 action: { action: 'summon', cardUid: 'tat2z7q7l', target: 'active' }
[DEBUG] checkTriggers called: onSummon defender verse: phantomWall attacker verse: undefined
📩 Received: endTurn
⏭️  P1 ends turn
📩 Received: action
⚔️  P2 action: { action: 'summon', cardUid: 'bo2pnttkt', target: 'active' }
[DEBUG] checkTriggers called: onSummon defender verse: undefined attacker verse: phantomWall
📩 Received: action
⚔️  P2 action: { action: 'attack' }
[DEBUG] checkTriggers called: beforeAttack defender verse: undefined attacker verse: phantomWall
[DEBUG] checkTriggers called: beforeDamage defender verse: undefined attacker verse: phantomWall
[DEBUG] checkTriggers called: onLethalDamage defender verse: undefined attacker verse: phantomWall
[DEBUG] checkTriggers called: onKO defender verse: undefined attacker verse: phantomWall
[DEBUG] checkTriggers called: onAllyKO defender verse: phantomWall attacker verse: undefined
📩 Received: endTurn
⏭️  P2 ends turn
📩 Received: action
⚔️  P1 action: { action: 'summon', cardUid: 'jophqazdz', target: 'active' }
[DEBUG] checkTriggers called: onSummon defender verse: phantomWall attacker verse: undefined
📩 Received: action
⚔️  P1 action: { action: 'attack' }
[DEBUG] checkTriggers called: beforeAttack defender verse: phantomWall attacker verse: undefined
[DEBUG] checkTriggers called: beforeDamage defender verse: phantomWall attacker verse: undefined
[DEBUG] checkTriggers called: onLethalDamage defender verse: phantomWall attacker verse: undefined
[DEBUG] checkTriggers called: onKO defender verse: phantomWall attacker verse: undefined
[DEBUG] checkTriggers called: onAllyKO defender verse: undefined attacker verse: phantomWall
📩 Received: endTurn
⏭️  P1 ends turn
📩 Received: action
⚔️  P2 action: { action: 'summon', cardUid: 'ppvvjw3l5', target: 'active' }
[DEBUG] checkTriggers called: onSummon defender verse: undefined attacker verse: phantomWall
📩 Received: action
⚔️  P2 action: { action: 'attack' }
[DEBUG] checkTriggers called: beforeAttack defender verse: undefined attacker verse: phantomWall
[DEBUG] checkTriggers called: beforeDamage defender verse: undefined attacker verse: phantomWall
[DEBUG] checkTriggers called: onLethalDamage defender verse: undefined attacker verse: phantomWall
[DEBUG] checkTriggers called: onKO defender verse: undefined attacker verse: phantomWall
[DEBUG] checkTriggers called: onAllyKO defender verse: phantomWall attacker verse: undefined
📩 Received: endTurn
⏭️  P2 ends turn
📩 Received: action
⚔️  P1 action: { action: 'summon', cardUid: 'ym6sjfvmj', target: 'active' }
[DEBUG] checkTriggers called: onSummon defender verse: phantomWall attacker verse: undefined
📩 Received: action
⚔️  P1 action: { action: 'attack' }
[DEBUG] checkTriggers called: beforeAttack defender verse: phantomWall attacker verse: undefined
[DEBUG] checkTriggers called: beforeDamage defender verse: phantomWall attacker verse: undefined
[DEBUG] checkTriggers called: onLethalDamage defender verse: phantomWall attacker verse: undefined
[DEBUG] checkTriggers called: onKO defender verse: phantomWall attacker verse: undefined
[DEBUG] checkTriggers called: onAllyKO defender verse: undefined attacker verse: phantomWall
📩 Received: endTurn
⏭️  P1 ends turn
📩 Received: action
⚔️  P2 action: { action: 'cast', cardUid: 'jgegwgbfz', targetUid: 'ym6sjfvmj' }
[DEBUG] checkTriggers called: onCast defender verse: undefined attacker verse: phantomWall
📩 Received: action
⚔️  P2 action: { action: 'cast', cardUid: 'm921cplip', targetUid: 'ym6sjfvmj' }
[DEBUG] checkTriggers called: onCast defender verse: undefined attacker verse: phantomWall
📩 Received: action
⚔️  P2 action: { action: 'summon', cardUid: 'rppdyp883', target: 'active' }
[DEBUG] checkTriggers called: onSummon defender verse: undefined attacker verse: phantomWall
📩 Received: action
⚔️  P2 action: { action: 'attack' }
[DEBUG] checkTriggers called: beforeAttack defender verse: undefined attacker verse: phantomWall
[DEBUG] checkTriggers called: onLifeLoss defender verse: undefined attacker verse: phantomWall
📩 Received: endTurn
⏭️  P2 ends turn
📩 Received: action
⚔️  P1 action: { action: 'set', cardUid: '1qkual2wv' }
📩 Received: action
⚔️  P1 action: { action: 'cast', cardUid: '6gfjy471m', targetUid: 'rppdyp883' }
[DEBUG] checkTriggers called: onCast defender verse: phantomWall attacker verse: lastBreath
📩 Received: action
⚔️  P1 action: { action: 'cast', cardUid: 'mi428bvjb' }
[DEBUG] checkTriggers called: onCast defender verse: phantomWall attacker verse: lastBreath
📩 Received: endTurn
⏭️  P1 ends turn
📩 Received: action
⚔️  P2 action: { action: 'summon', cardUid: '2ob4xk559', target: 'active' }
[DEBUG] checkTriggers called: onSummon defender verse: lastBreath attacker verse: phantomWall
📩 Received: action
⚔️  P2 action: { action: 'attack' }
[DEBUG] checkTriggers called: beforeAttack defender verse: lastBreath attacker verse: phantomWall
[DEBUG] checkTriggers called: onLifeLoss defender verse: lastBreath attacker verse: phantomWall
📩 Received: endTurn
⏭️  P2 ends turn
📩 Received: action
⚔️  P1 action: { action: 'cast', cardUid: '2kliwgsyv', targetUid: '2ob4xk559' }
[DEBUG] checkTriggers called: onCast defender verse: phantomWall attacker verse: undefined
📩 Received: action
⚔️  P1 action: { action: 'set', cardUid: 'kvikankq7' }
📩 Received: endTurn
⏭️  P1 ends turn
📩 Received: endTurn
⏭️  P2 ends turn
📩 Received: endTurn
⏭️  P1 ends turn
🔌 Client disconnected
👋 Player left room J54P
🔌 Client disconnected
👋 Player left room J54P
🗑️  Room J54P deleted
